// Jest Snapshot v1, https://goo.gl/fbAQLP

exports[`<ExpenseListItem/> should render the expense list item correctly with the given data 1`] = `
<div>
  <Link
    replace={false}
    to="/edit/1"
  >
    <h3>
      Gum
    </h3>
  </Link>
  <p>
    195
     - 
    0
  </p>
</div>
`;
